this is git test log 
